**********************
PowerShell transcript start
Start time: 20251021133518
Username: KELVINTHEDEVELO\USER
RunAs User: KELVINTHEDEVELO\USER
Configuration Name: 
Machine: KELVINTHEDEVELO (Microsoft Windows NT 10.0.26100.0)
Host Application: C:\Program Files\PowerShell\7\pwsh.dll -noexit -command try { . "c:\Users\USER\AppData\Local\Programs\Microsoft VS Code\resources\app\out\vs\workbench\contrib\terminal\common\scripts\shellIntegration.ps1" } catch {}
Process ID: 22224
PSVersion: 7.5.3
PSEdition: Core
GitCommitId: 7.5.3
OS: Microsoft Windows 10.0.26100
Platform: Win32NT
PSCompatibleVersions: 1.0, 2.0, 3.0, 4.0, 5.0, 5.1, 6.0, 7.0
PSRemotingProtocolVersion: 2.3
SerializationVersion: 1.1.0.1
WSManStackVersion: 3.0
**********************
Uploading backend .env to EC2...

Packaging repository...
Write-Error: The process cannot access the file 'C:\Users\USER\Desktop\PATABIMA\PATABIMA FRONT\PATA BIMA AGENCY - Copy\scripts\deploy.zip' because it is being used by another process.
Write-Error: The process cannot access the file 'C:\Users\USER\Desktop\PATABIMA\PATABIMA FRONT\PATA BIMA AGENCY - Copy\scripts\deploy.zip' because it is being used
by another process.

PS>TerminatingError(New-Object): "Exception calling ".ctor" with "1" argument(s): "Stream was not readable.""
PS>TerminatingError(New-Object): "Exception calling ".ctor" with "1" argument(s): "Stream was not readable.""
>> TerminatingError(New-Object): "Exception calling ".ctor" with "1" argument(s): "Stream was not readable.""
>> TerminatingError(New-Object): "Exception calling ".ctor" with "1" argument(s): "Stream was not readable.""
PS>TerminatingError(New-Object): "Exception calling ".ctor" with "1" argument(s): "Stream was not readable.""
>> TerminatingError(one_time_deploy.ps1): "The running command stopped because the preference variable "ErrorActionPreference" or common parameter is set to Stop: Exception calling ".ctor" with "1" argument(s): "Stream was not readable.""
**********************
PowerShell transcript end
End time: 20251021133759
**********************
